
> aiforj@1.0.0 build
> next build

  ▲ Next.js 14.2.35
  - Environments: .env.local

   Creating an optimized production build ...
Failed to compile.

./app/globals.css.webpack[javascript/auto]!=!./node_modules/next/dist/build/webpack/loaders/css-loader/src/index.js??ruleSet[1].rules[14].oneOf[12].use[2]!./node_modules/next/dist/build/webpack/loaders/postcss-loader/src/index.js??ruleSet[1].rules[14].oneOf[12].use[3]!./app/globals.css
Error: Cannot find module 'tailwindcss'
Require stack:
- /Users/kevincooke/Downloads/aiforj-site/node_modules/next/dist/build/webpack/config/blocks/css/plugins.js
- /Users/kevincooke/Downloads/aiforj-site/node_modules/next/dist/build/webpack/config/blocks/css/index.js
- /Users/kevincooke/Downloads/aiforj-site/node_modules/next/dist/build/webpack/config/index.js
- /Users/kevincooke/Downloads/aiforj-site/node_modules/next/dist/build/webpack-config.js
- /Users/kevincooke/Downloads/aiforj-site/node_modules/next/dist/build/webpack-build/impl.js
- /Users/kevincooke/Downloads/aiforj-site/node_modules/next/dist/compiled/jest-worker/processChild.js
    at Function.<anonymous> (node:internal/modules/cjs/loader:1401:15)
    at /Users/kevincooke/Downloads/aiforj-site/node_modules/next/dist/server/require-hook.js:55:36
    at Function.resolve (node:internal/modules/helpers:145:19)
    at loadPlugin (/Users/kevincooke/Downloads/aiforj-site/node_modules/next/dist/build/webpack/config/blocks/css/plugins.js:49:32)
    at /Users/kevincooke/Downloads/aiforj-site/node_modules/next/dist/build/webpack/config/blocks/css/plugins.js:157:56
    at Array.map (<anonymous>)
    at getPostCssPlugins (/Users/kevincooke/Downloads/aiforj-site/node_modules/next/dist/build/webpack/config/blocks/css/plugins.js:157:47)
    at async /Users/kevincooke/Downloads/aiforj-site/node_modules/next/dist/build/webpack/config/blocks/css/index.js:124:36
    at async /Users/kevincooke/Downloads/aiforj-site/node_modules/next/dist/build/webpack/loaders/postcss-loader/src/index.js:51:40
    at async Span.traceAsyncFn (/Users/kevincooke/Downloads/aiforj-site/node_modules/next/dist/trace/trace.js:154:20)

Import trace for requested module:
./app/globals.css.webpack[javascript/auto]!=!./node_modules/next/dist/build/webpack/loaders/css-loader/src/index.js??ruleSet[1].rules[14].oneOf[12].use[2]!./node_modules/next/dist/build/webpack/loaders/postcss-loader/src/index.js??ruleSet[1].rules[14].oneOf[12].use[3]!./app/globals.css
./app/globals.css

./app/globals.css
Error: Cannot find module 'tailwindcss'
Require stack:
- /Users/kevincooke/Downloads/aiforj-site/node_modules/next/dist/build/webpack/config/blocks/css/plugins.js
- /Users/kevincooke/Downloads/aiforj-site/node_modules/next/dist/build/webpack/config/blocks/css/index.js
- /Users/kevincooke/Downloads/aiforj-site/node_modules/next/dist/build/webpack/config/index.js
- /Users/kevincooke/Downloads/aiforj-site/node_modules/next/dist/build/webpack-config.js
- /Users/kevincooke/Downloads/aiforj-site/node_modules/next/dist/build/webpack-build/impl.js
- /Users/kevincooke/Downloads/aiforj-site/node_modules/next/dist/compiled/jest-worker/processChild.js
    at Function.<anonymous> (node:internal/modules/cjs/loader:1401:15)
    at /Users/kevincooke/Downloads/aiforj-site/node_modules/next/dist/server/require-hook.js:55:36
    at Function.resolve (node:internal/modules/helpers:145:19)
    at loadPlugin (/Users/kevincooke/Downloads/aiforj-site/node_modules/next/dist/build/webpack/config/blocks/css/plugins.js:49:32)
    at /Users/kevincooke/Downloads/aiforj-site/node_modules/next/dist/build/webpack/config/blocks/css/plugins.js:157:56
    at Array.map (<anonymous>)
    at getPostCssPlugins (/Users/kevincooke/Downloads/aiforj-site/node_modules/next/dist/build/webpack/config/blocks/css/plugins.js:157:47)
    at async /Users/kevincooke/Downloads/aiforj-site/node_modules/next/dist/build/webpack/config/blocks/css/index.js:124:36
    at async /Users/kevincooke/Downloads/aiforj-site/node_modules/next/dist/build/webpack/loaders/postcss-loader/src/index.js:51:40
    at async Span.traceAsyncFn (/Users/kevincooke/Downloads/aiforj-site/node_modules/next/dist/trace/trace.js:154:20)
    at tryRunOrWebpackError (/Users/kevincooke/Downloads/aiforj-site/node_modules/next/dist/compiled/webpack/bundle5.js:28:312989)
    at __webpack_require_module__ (/Users/kevincooke/Downloads/aiforj-site/node_modules/next/dist/compiled/webpack/bundle5.js:28:131165)
    at __nested_webpack_require_153728__ (/Users/kevincooke/Downloads/aiforj-site/node_modules/next/dist/compiled/webpack/bundle5.js:28:130607)
    at /Users/kevincooke/Downloads/aiforj-site/node_modules/next/dist/compiled/webpack/bundle5.js:28:131454
    at symbolIterator (/Users/kevincooke/Downloads/aiforj-site/node_modules/next/dist/compiled/neo-async/async.js:1:14444)
    at done (/Users/kevincooke/Downloads/aiforj-site/node_modules/next/dist/compiled/neo-async/async.js:1:14824)
    at Hook.eval [as callAsync] (eval at create (/Users/kevincooke/Downloads/aiforj-site/node_modules/next/dist/compiled/webpack/bundle5.js:13:28858), <anonymous>:15:1)
    at Hook.CALL_ASYNC_DELEGATE [as _callAsync] (/Users/kevincooke/Downloads/aiforj-site/node_modules/next/dist/compiled/webpack/bundle5.js:13:26012)
    at /Users/kevincooke/Downloads/aiforj-site/node_modules/next/dist/compiled/webpack/bundle5.js:28:130328
    at symbolIterator (/Users/kevincooke/Downloads/aiforj-site/node_modules/next/dist/compiled/neo-async/async.js:1:14402)
-- inner error --
Error: Cannot find module 'tailwindcss'
Require stack:
- /Users/kevincooke/Downloads/aiforj-site/node_modules/next/dist/build/webpack/config/blocks/css/plugins.js
- /Users/kevincooke/Downloads/aiforj-site/node_modules/next/dist/build/webpack/config/blocks/css/index.js
- /Users/kevincooke/Downloads/aiforj-site/node_modules/next/dist/build/webpack/config/index.js
- /Users/kevincooke/Downloads/aiforj-site/node_modules/next/dist/build/webpack-config.js
- /Users/kevincooke/Downloads/aiforj-site/node_modules/next/dist/build/webpack-build/impl.js
- /Users/kevincooke/Downloads/aiforj-site/node_modules/next/dist/compiled/jest-worker/processChild.js
    at Function.<anonymous> (node:internal/modules/cjs/loader:1401:15)
    at /Users/kevincooke/Downloads/aiforj-site/node_modules/next/dist/server/require-hook.js:55:36
    at Function.resolve (node:internal/modules/helpers:145:19)
    at loadPlugin (/Users/kevincooke/Downloads/aiforj-site/node_modules/next/dist/build/webpack/config/blocks/css/plugins.js:49:32)
    at /Users/kevincooke/Downloads/aiforj-site/node_modules/next/dist/build/webpack/config/blocks/css/plugins.js:157:56
    at Array.map (<anonymous>)
    at getPostCssPlugins (/Users/kevincooke/Downloads/aiforj-site/node_modules/next/dist/build/webpack/config/blocks/css/plugins.js:157:47)
    at async /Users/kevincooke/Downloads/aiforj-site/node_modules/next/dist/build/webpack/config/blocks/css/index.js:124:36
    at async /Users/kevincooke/Downloads/aiforj-site/node_modules/next/dist/build/webpack/loaders/postcss-loader/src/index.js:51:40
    at async Span.traceAsyncFn (/Users/kevincooke/Downloads/aiforj-site/node_modules/next/dist/trace/trace.js:154:20)
    at Object.<anonymous> (/Users/kevincooke/Downloads/aiforj-site/node_modules/next/dist/build/webpack/loaders/css-loader/src/index.js??ruleSet[1].rules[14].oneOf[12].use[2]!/Users/kevincooke/Downloads/aiforj-site/node_modules/next/dist/build/webpack/loaders/postcss-loader/src/index.js??ruleSet[1].rules[14].oneOf[12].use[3]!/Users/kevincooke/Downloads/aiforj-site/app/globals.css:1:7)
    at /Users/kevincooke/Downloads/aiforj-site/node_modules/next/dist/compiled/webpack/bundle5.js:28:922493
    at Hook.eval [as call] (eval at create (/Users/kevincooke/Downloads/aiforj-site/node_modules/next/dist/compiled/webpack/bundle5.js:13:28636), <anonymous>:7:1)
    at Hook.CALL_DELEGATE [as _call] (/Users/kevincooke/Downloads/aiforj-site/node_modules/next/dist/compiled/webpack/bundle5.js:13:25906)
    at /Users/kevincooke/Downloads/aiforj-site/node_modules/next/dist/compiled/webpack/bundle5.js:28:131198
    at tryRunOrWebpackError (/Users/kevincooke/Downloads/aiforj-site/node_modules/next/dist/compiled/webpack/bundle5.js:28:312943)
    at __webpack_require_module__ (/Users/kevincooke/Downloads/aiforj-site/node_modules/next/dist/compiled/webpack/bundle5.js:28:131165)
    at __nested_webpack_require_153728__ (/Users/kevincooke/Downloads/aiforj-site/node_modules/next/dist/compiled/webpack/bundle5.js:28:130607)
    at /Users/kevincooke/Downloads/aiforj-site/node_modules/next/dist/compiled/webpack/bundle5.js:28:131454
    at symbolIterator (/Users/kevincooke/Downloads/aiforj-site/node_modules/next/dist/compiled/neo-async/async.js:1:14444)

Generated code for /Users/kevincooke/Downloads/aiforj-site/node_modules/next/dist/build/webpack/loaders/css-loader/src/index.js??ruleSet[1].rules[14].oneOf[12].use[2]!/Users/kevincooke/Downloads/aiforj-site/node_modules/next/dist/build/webpack/loaders/postcss-loader/src/index.js??ruleSet[1].rules[14].oneOf[12].use[3]!/Users/kevincooke/Downloads/aiforj-site/app/globals.css

Import trace for requested module:
./app/globals.css


> Build failed because of webpack errors
